// Jest Snapshot v1, https://goo.gl/fbAQLP

exports[`<UnconnectedNewShiftPage /> renders correctly 1`] = `ShallowWrapper {}`;
