// Jest Snapshot v1, https://goo.gl/fbAQLP

exports[`Description Form Component renders the form correctly 1`] = `
<div
  className="form-group"
>
  <label
    className="form-label"
  >
    Description
  </label>
  <textarea
    className="form-control"
    id="description"
    name="description"
    placeholder="Enter shift description"
    required={true}
    rows="3"
  />
</div>
`;
